// Jest Snapshot v1, https://goo.gl/fbAQLP

exports[`<ProgramPage /> renders correctly 1`] = `
<View
  style={
    Object {
      "backgroundColor": "#f1f1f1",
      "flexDirection": "row",
      "height": "100%",
      "paddingVertical": 20,
    }
  }
>
  <RCTScrollView
    data={
      Array [
        Object {
          "description": "This training session aims at..",
          "drills": Array [
            Object {
              "author": "Author",
              "description": "Description of the drill",
              "durationInMinutes": 10,
              "equipment": "Equipment needs for the drill",
              "equipmentLabel": "None",
              "goals": Array [
                "Full body",
              ],
              "id": 1,
              "image": "https://www.dialysistech.org/wp-content/uploads/2019/06/fitness.jpg",
              "intensity": "Low",
              "level": "Beginner",
              "minimalPlayersNumber": 1,
              "seasonTiming": "Off-season",
              "steps": Array [
                Object {
                  "illustrationSource": "https://www.youtube.com/embed/JkVHrA5o23o",
                  "illustrationType": "youtube",
                  "subtitle": "This is a subtitle",
                  "title": "Warmup",
                },
              ],
              "title": "Fitness Drill Title",
              "type": "fitness",
            },
          ],
          "id": 1,
          "image": "https://cdn3.sportngin.com/attachments/photo/be7e-106813275/Screen_Shot_2018-07-19_at_3.53.39_PM_large.png",
          "source": "** Ultimate App **",
          "title": "First Training",
        },
        Object {
          "description": "This training session aims at..",
          "drills": Array [
            Object {
              "author": "Author",
              "description": "Description of the drill",
              "durationInMinutes": 10,
              "equipment": "Equipment needs for the drill",
              "equipmentLabel": "None",
              "goals": Array [
                "Full body",
              ],
              "id": 1,
              "image": "https://www.dialysistech.org/wp-content/uploads/2019/06/fitness.jpg",
              "intensity": "Low",
              "level": "Beginner",
              "minimalPlayersNumber": 1,
              "seasonTiming": "Off-season",
              "steps": Array [
                Object {
                  "illustrationSource": "https://www.youtube.com/embed/JkVHrA5o23o",
                  "illustrationType": "youtube",
                  "subtitle": "This is a subtitle",
                  "title": "Warmup",
                },
              ],
              "title": "Fitness Drill Title",
              "type": "fitness",
            },
          ],
          "id": 2,
          "image": "https://cdn3.sportngin.com/attachments/photo/be7e-106813275/Screen_Shot_2018-07-19_at_3.53.39_PM_large.png",
          "source": "** Ultimate App **",
          "title": "First practice",
        },
      ]
    }
    disableVirtualization={false}
    getItem={[Function]}
    getItemCount={[Function]}
    horizontal={false}
    initialNumToRender={10}
    keyExtractor={[Function]}
    maxToRenderPerBatch={10}
    numColumns={1}
    onContentSizeChange={[Function]}
    onEndReachedThreshold={2}
    onLayout={[Function]}
    onMomentumScrollEnd={[Function]}
    onScroll={[Function]}
    onScrollBeginDrag={[Function]}
    onScrollEndDrag={[Function]}
    removeClippedSubviews={false}
    renderItem={[Function]}
    scrollEventThrottle={50}
    stickyHeaderIndices={Array []}
    updateCellsBatchingPeriod={50}
    viewabilityConfigCallbackPairs={Array []}
    windowSize={21}
  >
    <View>
      <View
        onLayout={[Function]}
        style={null}
      >
        <View
          style={
            Object {
              "backgroundColor": "#fff",
              "elevation": 3,
              "marginBottom": 10,
              "padding": 10,
              "shadowOffset": Object {
                "height": 1,
                "width": 0,
              },
              "shadowOpacity": 0.3,
              "shadowRadius": 3,
            }
          }
        >
          <View
            accessible={true}
            focusable={true}
            isTVSelectable={true}
            onClick={[Function]}
            onResponderGrant={[Function]}
            onResponderMove={[Function]}
            onResponderRelease={[Function]}
            onResponderTerminate={[Function]}
            onResponderTerminationRequest={[Function]}
            onStartShouldSetResponder={[Function]}
            style={
              Object {
                "alignItems": "center",
                "flexDirection": "row",
                "justifyContent": "space-between",
                "opacity": 1,
                "padding": 10,
                "paddingLeft": 30,
              }
            }
          >
            <View
              style={
                Object {
                  "flexBasis": "70%",
                }
              }
            >
              <Text
                style={
                  Object {
                    "fontSize": 20,
                  }
                }
              >
                First Training
              </Text>
            </View>
            <View
              style={
                Object {
                  "flexBasis": "20%",
                }
              }
            >
              <Image
                source={1}
                style={
                  Object {
                    "aspectRatio": 1,
                    "height": 30,
                  }
                }
              />
            </View>
            <View
              style={
                Object {
                  "flexBasis": "20%",
                }
              }
            >
              <Image
                source={1}
                style={
                  Object {
                    "aspectRatio": 0.4560669456066946,
                    "height": 20,
                  }
                }
              />
            </View>
          </View>
        </View>
      </View>
      <View
        onLayout={[Function]}
        style={null}
      >
        <View
          style={
            Object {
              "backgroundColor": "#fff",
              "elevation": 3,
              "marginBottom": 10,
              "padding": 10,
              "shadowOffset": Object {
                "height": 1,
                "width": 0,
              },
              "shadowOpacity": 0.3,
              "shadowRadius": 3,
            }
          }
        >
          <View
            accessible={true}
            focusable={true}
            isTVSelectable={true}
            onClick={[Function]}
            onResponderGrant={[Function]}
            onResponderMove={[Function]}
            onResponderRelease={[Function]}
            onResponderTerminate={[Function]}
            onResponderTerminationRequest={[Function]}
            onStartShouldSetResponder={[Function]}
            style={
              Object {
                "alignItems": "center",
                "flexDirection": "row",
                "justifyContent": "space-between",
                "opacity": 1,
                "padding": 10,
                "paddingLeft": 30,
              }
            }
          >
            <View
              style={
                Object {
                  "flexBasis": "70%",
                }
              }
            >
              <Text
                style={
                  Object {
                    "fontSize": 20,
                  }
                }
              >
                First practice
              </Text>
            </View>
            <View
              style={
                Object {
                  "flexBasis": "20%",
                }
              }
            >
              <Image
                source={1}
                style={
                  Object {
                    "aspectRatio": 1,
                    "height": 30,
                  }
                }
              />
            </View>
            <View
              style={
                Object {
                  "flexBasis": "20%",
                }
              }
            >
              <Image
                source={1}
                style={
                  Object {
                    "aspectRatio": 0.4560669456066946,
                    "height": 20,
                  }
                }
              />
            </View>
          </View>
        </View>
      </View>
    </View>
  </RCTScrollView>
</View>
`;

exports[`<ProgramPage /> renders correctly when finished 1`] = `
<View
  style={
    Object {
      "backgroundColor": "#f1f1f1",
      "flexDirection": "row",
      "height": "100%",
      "paddingVertical": 20,
    }
  }
>
  <RCTScrollView
    data={
      Array [
        Object {
          "description": "This training session aims at..",
          "drills": Array [
            Object {
              "author": "Author",
              "description": "Description of the drill",
              "durationInMinutes": 10,
              "equipment": "Equipment needs for the drill",
              "equipmentLabel": "None",
              "goals": Array [
                "Full body",
              ],
              "id": 1,
              "image": "https://www.dialysistech.org/wp-content/uploads/2019/06/fitness.jpg",
              "intensity": "Low",
              "level": "Beginner",
              "minimalPlayersNumber": 1,
              "seasonTiming": "Off-season",
              "steps": Array [
                Object {
                  "illustrationSource": "https://www.youtube.com/embed/JkVHrA5o23o",
                  "illustrationType": "youtube",
                  "subtitle": "This is a subtitle",
                  "title": "Warmup",
                },
              ],
              "title": "Fitness Drill Title",
              "type": "fitness",
            },
          ],
          "id": 1,
          "image": "https://cdn3.sportngin.com/attachments/photo/be7e-106813275/Screen_Shot_2018-07-19_at_3.53.39_PM_large.png",
          "source": "** Ultimate App **",
          "title": "First Training",
        },
        Object {
          "description": "This training session aims at..",
          "drills": Array [
            Object {
              "author": "Author",
              "description": "Description of the drill",
              "durationInMinutes": 10,
              "equipment": "Equipment needs for the drill",
              "equipmentLabel": "None",
              "goals": Array [
                "Full body",
              ],
              "id": 1,
              "image": "https://www.dialysistech.org/wp-content/uploads/2019/06/fitness.jpg",
              "intensity": "Low",
              "level": "Beginner",
              "minimalPlayersNumber": 1,
              "seasonTiming": "Off-season",
              "steps": Array [
                Object {
                  "illustrationSource": "https://www.youtube.com/embed/JkVHrA5o23o",
                  "illustrationType": "youtube",
                  "subtitle": "This is a subtitle",
                  "title": "Warmup",
                },
              ],
              "title": "Fitness Drill Title",
              "type": "fitness",
            },
          ],
          "id": 2,
          "image": "https://cdn3.sportngin.com/attachments/photo/be7e-106813275/Screen_Shot_2018-07-19_at_3.53.39_PM_large.png",
          "source": "** Ultimate App **",
          "title": "First practice",
        },
      ]
    }
    disableVirtualization={false}
    getItem={[Function]}
    getItemCount={[Function]}
    horizontal={false}
    initialNumToRender={10}
    keyExtractor={[Function]}
    maxToRenderPerBatch={10}
    numColumns={1}
    onContentSizeChange={[Function]}
    onEndReachedThreshold={2}
    onLayout={[Function]}
    onMomentumScrollEnd={[Function]}
    onScroll={[Function]}
    onScrollBeginDrag={[Function]}
    onScrollEndDrag={[Function]}
    removeClippedSubviews={false}
    renderItem={[Function]}
    scrollEventThrottle={50}
    stickyHeaderIndices={Array []}
    updateCellsBatchingPeriod={50}
    viewabilityConfigCallbackPairs={Array []}
    windowSize={21}
  >
    <View>
      <View
        onLayout={[Function]}
        style={null}
      >
        <View
          style={
            Object {
              "backgroundColor": "#fff",
              "elevation": 3,
              "marginBottom": 10,
              "padding": 10,
              "shadowOffset": Object {
                "height": 1,
                "width": 0,
              },
              "shadowOpacity": 0.3,
              "shadowRadius": 3,
            }
          }
        >
          <View
            accessible={true}
            focusable={true}
            isTVSelectable={true}
            onClick={[Function]}
            onResponderGrant={[Function]}
            onResponderMove={[Function]}
            onResponderRelease={[Function]}
            onResponderTerminate={[Function]}
            onResponderTerminationRequest={[Function]}
            onStartShouldSetResponder={[Function]}
            style={
              Object {
                "alignItems": "center",
                "flexDirection": "row",
                "justifyContent": "space-between",
                "opacity": 1,
                "padding": 10,
                "paddingLeft": 30,
              }
            }
          >
            <View
              style={
                Object {
                  "flexBasis": "70%",
                }
              }
            >
              <Text
                style={
                  Object {
                    "fontSize": 20,
                  }
                }
              >
                First Training
              </Text>
            </View>
            <View
              style={
                Object {
                  "flexBasis": "20%",
                }
              }
            >
              <Image
                source={1}
                style={
                  Object {
                    "aspectRatio": 1,
                    "height": 30,
                  }
                }
              />
            </View>
            <View
              style={
                Object {
                  "flexBasis": "20%",
                }
              }
            >
              <Image
                source={1}
                style={
                  Object {
                    "aspectRatio": 0.4560669456066946,
                    "height": 20,
                  }
                }
              />
            </View>
          </View>
        </View>
      </View>
      <View
        onLayout={[Function]}
        style={null}
      >
        <View
          style={
            Object {
              "backgroundColor": "#fff",
              "elevation": 3,
              "marginBottom": 10,
              "padding": 10,
              "shadowOffset": Object {
                "height": 1,
                "width": 0,
              },
              "shadowOpacity": 0.3,
              "shadowRadius": 3,
            }
          }
        >
          <View
            accessible={true}
            focusable={true}
            isTVSelectable={true}
            onClick={[Function]}
            onResponderGrant={[Function]}
            onResponderMove={[Function]}
            onResponderRelease={[Function]}
            onResponderTerminate={[Function]}
            onResponderTerminationRequest={[Function]}
            onStartShouldSetResponder={[Function]}
            style={
              Object {
                "alignItems": "center",
                "flexDirection": "row",
                "justifyContent": "space-between",
                "opacity": 1,
                "padding": 10,
                "paddingLeft": 30,
              }
            }
          >
            <View
              style={
                Object {
                  "flexBasis": "70%",
                }
              }
            >
              <Text
                style={
                  Object {
                    "fontSize": 20,
                  }
                }
              >
                First practice
              </Text>
            </View>
            <View
              style={
                Object {
                  "flexBasis": "20%",
                }
              }
            >
              <Image
                source={1}
                style={
                  Object {
                    "aspectRatio": 1,
                    "height": 30,
                  }
                }
              />
            </View>
            <View
              style={
                Object {
                  "flexBasis": "20%",
                }
              }
            >
              <Image
                source={1}
                style={
                  Object {
                    "aspectRatio": 0.4560669456066946,
                    "height": 20,
                  }
                }
              />
            </View>
          </View>
        </View>
      </View>
    </View>
  </RCTScrollView>
</View>
`;
