// Jest Snapshot v1, https://goo.gl/fbAQLP

exports[`<VideoPage /> renders correctly 1`] = `
<View
  style={
    Object {
      "backgroundColor": "#fff",
      "flex": 1,
    }
  }
>
  <View
    style={
      Object {
        "height": 250,
      }
    }
  >
    <View
      style={
        Object {
          "alignItems": "center",
          "flex": 1,
          "height": 250,
          "justifyContent": "center",
        }
      }
    >
      <View
        style={
          Object {
            "position": "absolute",
          }
        }
      >
        <ActivityIndicator
          animating={true}
          color="#A6A6A6"
          hidesWhenStopped={true}
          size="large"
        />
        <Text>
          Loading...
        </Text>
      </View>
      <View
        pointerEvents="box-none"
        style={
          Object {
            "height": 250,
            "overflow": "hidden",
            "width": "100%",
          }
        }
      >
        <ViewManagerAdapter_ExpoVideoView
          proxiedProperties={
            Object {
              "onError": [Function],
              "onFullscreenUpdate": [Function],
              "onLoad": [Function],
              "onLoadStart": [Function],
              "onReadyForDisplay": [Function],
              "onStatusUpdate": [Function],
              "resizeMode": "mock",
              "source": undefined,
              "status": Object {},
              "useNativeControls": true,
            }
          }
          style={
            Object {
              "bottom": 0,
              "left": 0,
              "position": "absolute",
              "right": 0,
              "top": 0,
            }
          }
        />
      </View>
    </View>
  </View>
  <View
    style={
      Object {
        "flexDirection": "row",
        "justifyContent": "space-between",
        "paddingLeft": 5,
        "paddingRight": 10,
        "paddingVertical": 10,
        "textAlign": "center",
      }
    }
  >
    <Text
      style={
        Object {
          "color": "#232b2b",
          "fontSize": 16,
          "fontWeight": "bold",
        }
      }
    />
    <View>
      <Text
        style={
          Object {
            "color": "#A6A6A6",
            "flex": 1,
            "fontSize": 14,
          }
        }
      />
    </View>
  </View>
  <View>
    <Text
      style={
        Object {
          "color": "#232b2b",
          "fontSize": 16,
          "paddingHorizontal": 10,
        }
      }
    />
  </View>
</View>
`;
