// Jest Snapshot v1, https://goo.gl/fbAQLP

exports[`<AboutPage /> renders correctly 1`] = `
<RCTScrollView
  contentContainerStyle={
    {
      "padding": 20,
      "paddingBottom": 50,
    }
  }
  style={
    {
      "backgroundColor": "#fff",
      "flex": 1,
    }
  }
>
  <View>
    <View
      style={
        {
          "alignItems": "center",
          "flexDirection": "row",
          "justifyContent": "flex-start",
          "marginBottom": 10,
        }
      }
    >
      <Image
        source={1}
        style={
          {
            "borderRadius": 5,
            "height": 50,
            "width": 50,
          }
        }
      />
      <View>
        <Text
          style={
            {
              "color": "#A6A6A6",
              "fontSize": 14,
              "marginLeft": 10,
            }
          }
        >
          2020 - 2023
        </Text>
        <Text
          style={
            {
              "color": "#A6A6A6",
              "fontSize": 14,
              "marginLeft": 10,
            }
          }
        >
          version 
          , channel 
          mock
        </Text>
        <Text
          style={
            {
              "color": "#A6A6A6",
              "fontSize": 14,
              "marginLeft": 10,
            }
          }
        >
          development
        </Text>
      </View>
    </View>
    <Text
      style={
        {
          "color": "#232b2b",
          "fontSize": 20,
          "marginTop": 10,
        }
      }
    >
      About
    </Text>
    <Text
      style={
        {
          "color": "#A6A6A6",
          "fontSize": 16,
          "marginTop": 5,
        }
      }
    >
      'Disc In' is an application made by ultimate coaches for ultimate coaches. It is free and shall remain this way.
    </Text>
    <Text
      style={
        {
          "color": "#232b2b",
          "fontSize": 20,
          "marginTop": 10,
        }
      }
    >
      Acknowledgements
    </Text>
    <Text
      style={
        {
          "color": "#A6A6A6",
          "fontSize": 16,
          "marginTop": 5,
        }
      }
    >
      A big thanks to everybody who helps make 'Disc In' great!
    </Text>
    <View
      accessibilityState={
        {
          "busy": undefined,
          "checked": undefined,
          "disabled": undefined,
          "expanded": undefined,
          "selected": undefined,
        }
      }
      accessibilityValue={
        {
          "max": undefined,
          "min": undefined,
          "now": undefined,
          "text": undefined,
        }
      }
      accessible={true}
      collapsable={false}
      focusable={true}
      onClick={[Function]}
      onResponderGrant={[Function]}
      onResponderMove={[Function]}
      onResponderRelease={[Function]}
      onResponderTerminate={[Function]}
      onResponderTerminationRequest={[Function]}
      onStartShouldSetResponder={[Function]}
      style={
        {
          "opacity": 1,
        }
      }
    >
      <Text
        style={
          {
            "color": "#2a9e91",
            "fontSize": 16,
          }
        }
      >
        Contributors
      </Text>
    </View>
    <Text
      style={
        {
          "color": "#232b2b",
          "fontSize": 20,
          "marginTop": 10,
        }
      }
    >
      Contributions
    </Text>
    <Text
      style={
        {
          "color": "#A6A6A6",
          "fontSize": 16,
          "marginTop": 5,
        }
      }
    >
      You can contribute by adding drills and programs, new videos, translating to other languages, etc. There are dozens of ways to improve the app. Feel free to contact us!
    </Text>
    <Text
      style={
        {
          "color": "#232b2b",
          "fontSize": 20,
          "marginTop": 10,
        }
      }
    >
      Feedback
    </Text>
    <Text
      style={
        {
          "color": "#A6A6A6",
          "fontSize": 16,
          "marginTop": 5,
        }
      }
    >
      If you perhaps don't have time to contribute, but you have ideas or feedback to improve the app, please send us a message!
    </Text>
    <View
      accessibilityState={
        {
          "busy": undefined,
          "checked": undefined,
          "disabled": undefined,
          "expanded": undefined,
          "selected": undefined,
        }
      }
      accessibilityValue={
        {
          "max": undefined,
          "min": undefined,
          "now": undefined,
          "text": undefined,
        }
      }
      accessible={true}
      collapsable={false}
      focusable={true}
      onClick={[Function]}
      onResponderGrant={[Function]}
      onResponderMove={[Function]}
      onResponderRelease={[Function]}
      onResponderTerminate={[Function]}
      onResponderTerminationRequest={[Function]}
      onStartShouldSetResponder={[Function]}
      style={
        {
          "alignItems": "center",
          "alignSelf": "center",
          "backgroundColor": "#2a9e91",
          "borderRadius": 5,
          "flexDirection": "row",
          "height": 30,
          "justifyContent": "center",
          "marginTop": 20,
          "opacity": 1,
          "paddingHorizontal": 10,
          "paddingVertical": 0,
          "width": "auto",
        }
      }
      testID="feedbackButton"
    >
      <Text />
      <Text
        style={
          {
            "color": "#fff",
            "fontSize": 16,
            "textAlign": "center",
          }
        }
      >
        Send feedback
      </Text>
    </View>
  </View>
</RCTScrollView>
`;
